---
source: tests/models/users.rs
expression: res
snapshot_kind: text
---
Err(
    Custom(
        "{\"email\":[{\"code\":\"email\",\"message\":\"invalid email\"}],\"name\":[{\"code\":\"length\",\"message\":\"Name must be at least 2 characters long.\"}]}",
    ),
)
