---
source: tests/ui/reqeust.rs
expression: res_scalar.text()
snapshot_kind: text
---
<!doctype html>
<html>
<head>
    <title>Scalar</title>
    <meta charset="utf-8"/>
    <meta
            name="viewport"
            content="width=device-width, initial-scale=1"/>
</head>
<body>

<script
        id="api-reference"
        type="application/json">
    {"openapi":"3.1.0","info":{"title":"Loco Demo Test","description":"Test OpenAPI spec for loco-openapi","license":{"name":"MIT OR Apache-2.0","identifier":"MIT OR Apache-2.0"},"version":"0.1.0"},"paths":{"/api/album/get_album":{"get":{"tags":["album"],"summary":"Get album","description":"Returns a title and rating","operationId":"get_album","responses":{"200":{"description":"Album found","content":{"application/json":{"schema":{"$ref":"#/components/schemas/Album"}}}}}}}},"components":{"schemas":{"Album":{"type":"object","required":["title","rating"],"properties":{"rating":{"type":"integer","format":"int32","minimum":0},"title":{"type":"string"}}}},"securitySchemes":{"api_key":{"type":"apiKey","in":"header","name":"apikey"},"jwt_token":{"type":"http","scheme":"bearer","bearerFormat":"JWT"}}}}
</script>
<script src="https://cdn.jsdelivr.net/npm/@scalar/api-reference"></script>
</body>
</html>
